// Jest Snapshot v1, https://jestjs.io/docs/snapshot-testing

exports[`SignupEmail template matches snapshot 1`] = `Promise {}`;
